
> lavish-tracker@0.3.1 build
> vinext build


  vinext build  (Vite 8.2.2)

(node:30904) [DEP0205] DeprecationWarning: `module.register()` is deprecated. Use `module.registerHooks()` instead.
(Use `node --trace-deprecation ...` to show where the warning was created)
[1/5] analyze client references...
transforming...
✓ 246 modules transformed.
rendering chunks...
✓ built in 1.43s
[2/5] analyze server references...
transforming...
✓ 90 modules transformed.
rendering chunks...
✓ built in 85ms
[3/5] build rsc environment...
transforming...
✓ 238 modules transformed.
rendering chunks...
computing gzip size...
✓ built in 665ms
[4/5] build client environment...
transforming...
✓ 134 modules transformed.
rendering chunks...
computing gzip size...
✓ built in 222ms
[5/5] build ssr environment...
transforming...
✓ 96 modules transformed.
rendering chunks...
computing gzip size...
✓ built in 287ms
[0m
  Route (app)
  ─ ? /

  ? Unknown

  ? Some routes could not be classified. vinext currently uses static analysis
    and cannot detect dynamic API usage (headers(), cookies(), etc.) at build time.
    Automatic classification will be improved in a future release.

  Build complete. Run `vinext start` to start the production server.

